// Jest Snapshot v1, https://goo.gl/fbAQLP

exports[`Login Screen render and match snapshot 1`] = `
<View
  style={
    {
      "alignItems": "center",
      "backgroundColor": "white",
      "flex": 1,
      "justifyContent": "center",
    }
  }
>
  <Image
    height={100}
    source={
      {
        "uri": "https://upload.wikimedia.org/wikipedia/commons/thumb/a/a7/React-icon.svg/1200px-React-icon.svg.png",
      }
    }
    testID="logo"
    width={110}
  />
  <View
    style={
      {
        "marginTop": 40,
        "width": "80%",
      }
    }
  >
    <TextInput
      keyboardType="email-address"
      onChangeText={[Function]}
      placeholder="Please Enter Email"
      style={
        {
          "borderColor": "gray",
          "borderRadius": 5,
          "borderWidth": 0.5,
        }
      }
      value=""
    />
    <TextInput
      onChangeText={[Function]}
      placeholder="Please Enter Password"
      secureTextEntry={true}
      style={
        [
          {
            "borderColor": "gray",
            "borderRadius": 5,
            "borderWidth": 0.5,
          },
          {
            "marginBottom": 18,
            "marginTop": 14,
          },
        ]
      }
      value=""
    />
    <View
      accessibilityRole="button"
      accessibilityState={
        {
          "busy": undefined,
          "checked": undefined,
          "disabled": undefined,
          "expanded": undefined,
          "selected": undefined,
        }
      }
      accessibilityValue={
        {
          "max": undefined,
          "min": undefined,
          "now": undefined,
          "text": undefined,
        }
      }
      accessible={true}
      collapsable={false}
      focusable={true}
      onClick={[Function]}
      onResponderGrant={[Function]}
      onResponderMove={[Function]}
      onResponderRelease={[Function]}
      onResponderTerminate={[Function]}
      onResponderTerminationRequest={[Function]}
      onStartShouldSetResponder={[Function]}
      style={
        {
          "opacity": 1,
        }
      }
    >
      <View
        style={
          [
            {},
          ]
        }
      >
        <Text
          style={
            [
              {
                "color": "#007AFF",
                "fontSize": 18,
                "margin": 8,
                "textAlign": "center",
              },
            ]
          }
        >
          Login
        </Text>
      </View>
    </View>
  </View>
</View>
`;
