// Jest Snapshot v1, https://goo.gl/fbAQLP

exports[`Home Screen snapshot testing 1`] = `
<View
  style={
    {
      "flex": 1,
      "marginTop": 12,
    }
  }
>
  <RCTScrollView
    data={[]}
    getItem={[Function]}
    getItemCount={[Function]}
    keyExtractor={[Function]}
    onContentSizeChange={[Function]}
    onLayout={[Function]}
    onMomentumScrollBegin={[Function]}
    onMomentumScrollEnd={[Function]}
    onScroll={[Function]}
    onScrollBeginDrag={[Function]}
    onScrollEndDrag={[Function]}
    removeClippedSubviews={false}
    renderItem={[Function]}
    scrollEventThrottle={0.0001}
    stickyHeaderIndices={[]}
    viewabilityConfigCallbackPairs={[]}
  >
    <View />
  </RCTScrollView>
  <View
    style={
      {
        "bottom": 18,
        "position": "absolute",
        "right": 18,
      }
    }
  >
    <View
      style={
        {
          "alignItems": "center",
          "backgroundColor": "red",
          "borderColor": "red",
          "borderRadius": 100,
          "borderWidth": 1,
          "height": 70,
          "justifyContent": "center",
          "width": 70,
        }
      }
    >
      <View
        accessibilityState={
          {
            "busy": undefined,
            "checked": undefined,
            "disabled": undefined,
            "expanded": undefined,
            "selected": undefined,
          }
        }
        accessibilityValue={
          {
            "max": undefined,
            "min": undefined,
            "now": undefined,
            "text": undefined,
          }
        }
        accessible={true}
        collapsable={false}
        focusable={true}
        onClick={[Function]}
        onResponderGrant={[Function]}
        onResponderMove={[Function]}
        onResponderRelease={[Function]}
        onResponderTerminate={[Function]}
        onResponderTerminationRequest={[Function]}
        onStartShouldSetResponder={[Function]}
        style={
          {
            "opacity": 1,
          }
        }
      >
        <Text
          style={
            {
              "color": "white",
              "fontSize": 48,
              "marginBottom": 4,
            }
          }
        >
          +
        </Text>
      </View>
    </View>
  </View>
</View>
`;
